{"time":"2000-01-01T00:00:00Z","action":"run","package":"add-default-labels"}
{"time":"2000-01-01T00:00:00Z","action":"run","package":"add-default-labels","test":"add-default-labels.has-environment.yaml"}
{"time":"2000-01-01T00:00:00Z","action":"pass","package":"add-default-labels","test":"add-default-labels.has-environment.yaml","elapsed":0}
{"time":"2000-01-01T00:00:00Z","action":"run","package":"add-default-labels","test":"add-default-labels.no-labels.yaml"}
{"time":"2000-01-01T00:00:00Z","action":"pass","package":"add-default-labels","test":"add-default-labels.no-labels.yaml","elapsed":0}
{"time":"2000-01-01T00:00:00Z","action":"pass","package":"add-default-labels","elapsed":0}
{"time":"2000-01-01T00:00:00Z","action":"run","package":"mutating-with-binding"}
{"time":"2000-01-01T00:00:00Z","action":"run","package":"mutating-with-binding","test":"add-label.allowed.yaml"}
{"time":"2000-01-01T00:00:00Z","action":"pass","package":"mutating-with-binding","test":"add-label.allowed.yaml","elapsed":0}
{"time":"2000-01-01T00:00:00Z","action":"run","package":"mutating-with-binding","test":"no-params.allowed.yaml"}
{"time":"2000-01-01T00:00:00Z","action":"pass","package":"mutating-with-binding","test":"no-params.allowed.yaml","elapsed":0}
{"time":"2000-01-01T00:00:00Z","action":"pass","package":"mutating-with-binding","elapsed":0}
{"time":"2000-01-01T00:00:00Z","action":"run","package":"namespace-selector-binding-mutating"}
{"time":"2000-01-01T00:00:00Z","action":"run","package":"namespace-selector-binding-mutating","test":"namespace-selector-binding-mutating-test.dev-namespace.allow.yaml"}
{"time":"2000-01-01T00:00:00Z","action":"pass","package":"namespace-selector-binding-mutating","test":"namespace-selector-binding-mutating-test.dev-namespace.allow.yaml","elapsed":0}
{"time":"2000-01-01T00:00:00Z","action":"run","package":"namespace-selector-binding-mutating","test":"namespace-selector-binding-mutating-test.no-label.allow.yaml"}
{"time":"2000-01-01T00:00:00Z","action":"pass","package":"namespace-selector-binding-mutating","test":"namespace-selector-binding-mutating-test.no-label.allow.yaml","elapsed":0}
{"time":"2000-01-01T00:00:00Z","action":"run","package":"namespace-selector-binding-mutating","test":"namespace-selector-binding-mutating-test.prod-namespace.mutate.yaml"}
{"time":"2000-01-01T00:00:00Z","action":"pass","package":"namespace-selector-binding-mutating","test":"namespace-selector-binding-mutating-test.prod-namespace.mutate.yaml","elapsed":0}
{"time":"2000-01-01T00:00:00Z","action":"pass","package":"namespace-selector-binding-mutating","elapsed":0}
{"time":"2000-01-01T00:00:00Z","action":"run","package":"sidecar-injection"}
{"time":"2000-01-01T00:00:00Z","action":"run","package":"sidecar-injection","test":"sidecar-injection.adding-istio-sidecar.yaml"}
{"time":"2000-01-01T00:00:00Z","action":"pass","package":"sidecar-injection","test":"sidecar-injection.adding-istio-sidecar.yaml","elapsed":0}
{"time":"2000-01-01T00:00:00Z","action":"run","package":"sidecar-injection","test":"sidecar-injection.skip-without-label.yaml"}
{"time":"2000-01-01T00:00:00Z","action":"pass","package":"sidecar-injection","test":"sidecar-injection.skip-without-label.yaml","elapsed":0}
{"time":"2000-01-01T00:00:00Z","action":"pass","package":"sidecar-injection","elapsed":0}
{"time":"2000-01-01T00:00:00Z","action":"pass","elapsed":0}
